{smcl}
{txt}{sf}{ul off}{.-}
      name:  {res}<unnamed>
       {txt}log:  {res}/Users/farshadpourmalek/Downloads/CovidVisualizedGlobal-main/20220204/code/merge/log CovidVisualizedGlobal merge.smcl
  {txt}log type:  {res}smcl
 {txt}opened on:  {res} 9 Feb 2022, 08:11:32
{txt}
{com}. 
. 
. ***************************************************************************
. * This is "do CovidVisualizedGlobal merge.do"
. 
. * Project: Combine and visualize international periodically updating 
. * estimates of C-19 at the global level (CovidVisualizedGlobal)
. * Person: Farshad Pourmalek pourmalek_farshad at yahoo dot com
. * Time (initial): 2021-04-14
. ***************************************************************************
. 
. 
. 
. /* models:
> JOHN
> DELP 
> IHME
> */
. 
. 
. 
. set maxvar 10000 // Stata MP & SE

{txt}
{com}. 
. 
. 
. * JOHN
. 
. if regexm(c(os),"Mac") == 1 {c -(}
. 
.         use "$pathCovidVisualizedGlobal/JOHN/CovidVisualizedGlobal JOHN.dta", clear 
. {c )-}
{txt}
{com}. else if regexm(c(os),"Windows") == 1 use "$pathCovidVisualizedGlobal\JOHN\CovidVisualizedGlobal JOHN.dta", clear 
{txt}
{com}. 
. 
. 
. * DELP 
. 
. if regexm(c(os),"Mac") == 1 {c -(}
. 
.         merge 1:1 loc_grand_name date using "$pathCovidVisualizedGlobal/DELP/CovidVisualizedGlobal DELP.dta"
{res}{txt}(label loc_grand_name_encoded already defined)

{col 5}Result{col 38}# of obs.
{col 5}{hline 41}
{col 5}not matched{col 30}{res}           5,877
{txt}{col 9}from master{col 30}{res}           5,553{txt}  (_merge==1)
{col 9}from using{col 30}{res}             324{txt}  (_merge==2)

{col 5}matched{col 30}{res}           1,179{txt}  (_merge==3)
{col 5}{hline 41}
{com}. {c )-}
{txt}
{com}. else if regexm(c(os),"Windows") == 1 merge 1:1 date using "$pathCovidVisualizedGlobal\DELP\CovidVisualizedGlobal DELP.dta"
{txt}
{com}. 
. drop _merge
{txt}
{com}. 
. 
. 
. * IHME
. 
. if regexm(c(os),"Mac") == 1 {c -(}
. 
.         merge 1:1 loc_grand_name date using "$pathCovidVisualizedGlobal/IHME/CovidVisualizedGlobal IHME.dta"
{res}
{txt}{col 5}Result{col 38}# of obs.
{col 5}{hline 41}
{col 5}not matched{col 30}{res}             819
{txt}{col 9}from master{col 30}{res}             117{txt}  (_merge==1)
{col 9}from using{col 30}{res}             702{txt}  (_merge==2)

{col 5}matched{col 30}{res}           6,939{txt}  (_merge==3)
{col 5}{hline 41}
{com}. {c )-}
{txt}
{com}. else if regexm(c(os),"Windows") == 1 merge 1:1 date using "$pathCovidVisualizedGlobal\IHME\CovidVisualizedGlobal IHME.dta"
{txt}
{com}. 
. drop _merge
{txt}
{com}. 
. 
. 
. * 
. 
. label var loc_grand_name "Location"
{txt}
{com}. 
. sort date
{txt}
{com}. 
. save "CovidVisualizedGlobal merge.dta", replace
{txt}(note: file CovidVisualizedGlobal merge.dta not found)
file CovidVisualizedGlobal merge.dta saved

{com}. 
. 
. *
. 
. 
. * gen calendar file
. 
. 
. clear
{txt}
{com}. 
. di td(01jan2020) // 21915
{res}21915
{txt}
{com}. 
. di td(01jan2022) // 22646
{res}22646
{txt}
{com}. 
. di td(01jan2022) - td(01jan2020) // 731 + 1 = 732
{res}731
{txt}
{com}. 
. 
. 
. set obs 732
{txt}{p}
number of observations (_N)  was 0,
now 732
{p_end}

{com}. 
. gen date = .
{txt}(732 missing values generated)

{com}. 
. replace date = 21915 in 1
{txt}(1 real change made)

{com}. 
. replace date = date[_n-1] + 1 in 2/l
{txt}(731 real changes made)

{com}. 
. replace date = date[_n-1] + 1 in 2/732
{txt}(0 real changes made)

{com}. 
. format date %tdDDMonCCYY
{txt}
{com}. 
. codebook date

{txt}{hline}
{res}date{right:(unlabeled)}
{txt}{hline}

{col 19}type:  numeric daily date ({res}float{txt})

{col 18}range:  [{res}21915{txt},{res}22646{txt}]{col 55}units:  {res}1
{col 8}{txt}or equivalently:  [{res}01jan2020{txt},{res}01jan2022{txt}]{col 55}units:  {res}days
{col 10}{txt}unique values:  {res}732{col 51}{txt}missing .:  {res}0{txt}/{res}732

{txt}{col 19}mean:{res}{col 26} 22280.5{txt} = {res}31dec2020{txt} (+ 12 hours)
{col 15}std. dev:{res}{col 26} 211.454

{txt}{col 12}percentiles:{col 32}10%{col 42}25%{col 52}50%{col 62}75%{col 72}90%
{res}{col 27}   21988{col 37} 22097.5{col 47} 22280.5{col 57} 22463.5{col 67}   22573
{col 26}14mar2020{col 36}01jul2020{col 46}31dec2020{col 56}02jul2021{col 66}20oct2021
{txt}
{com}. 
. 
. merge m:m date using "CovidVisualizedGlobal merge.dta"
{res}
{txt}{col 5}Result{col 38}# of obs.
{col 5}{hline 41}
{col 5}not matched{col 30}{res}           1,380
{txt}{col 9}from master{col 30}{res}              21{txt}  (_merge==1)
{col 9}from using{col 30}{res}           1,359{txt}  (_merge==2)

{col 5}matched{col 30}{res}           6,399{txt}  (_merge==3)
{col 5}{hline 41}

{com}. 
. sort date loc_grand_name
{txt}
{com}. 
. isid date loc_grand_name, missok
{txt}
{com}. 
. drop _merge
{txt}
{com}. 
. qui compress
{txt}
{com}. 
. 
. save "CovidVisualizedGlobal merge.dta", replace
{txt}file CovidVisualizedGlobal merge.dta saved

{com}. 
. 
. 
. 
. 
. ***************
. 
. ***************
. 
. * graphs 
. 
. 
. grstyle init
{res}{txt}
{com}. 
. grstyle color background white
{txt}
{com}. 
. 
. 
. 
. **********
. 
. * gen monthspast vars for #thicknumber of graphs
. 
. 
. summ date

{txt}    Variable {c |}        Obs        Mean    Std. Dev.       Min        Max
{hline 13}{c +}{hline 57}
{space 8}date {c |}{res}      7,779    22365.31    249.5716      21915      22797
{txt}
{com}. 
. gen mergemaxdate = r(max)
{txt}
{com}. 
. 
. gen monthspast01jan2020merge = ((mergemaxdate - td(01jan2020)) / 30) + 1
{txt}
{com}. 
. replace monthspast01jan2020merge = round(monthspast01jan2020merge)
{txt}(7,779 real changes made)

{com}. 
. global monthspast01jan2020merge = monthspast01jan2020merge
{txt}
{com}. 
. di $monthspast01jan2020merge
{res}30
{txt}
{com}. 
. 
. 
. gen monthspast01jan2021merge = ((mergemaxdate - td(01jan2021)) / 30) + 1
{txt}
{com}. 
. replace monthspast01jan2021merge = round(monthspast01jan2021merge)
{txt}(7,779 real changes made)

{com}. 
. global monthspast01jan2021merge = monthspast01jan2021merge
{txt}
{com}. 
. di $monthspast01jan2021merge
{res}18
{txt}
{com}. 
. 
. 
. gen monthspast01jan2022merge = ((mergemaxdate - td(01jan2022)) / 30) + 1
{txt}
{com}. 
. replace monthspast01jan2022merge = round(monthspast01jan2022merge)
{txt}(7,779 real changes made)

{com}. 
. global monthspast01jan2022merge = monthspast01jan2022merge
{txt}
{com}. 
. di $monthspast01jan2022merge
{res}6
{txt}
{com}. 
. 
. 
. 
. 
. 
. 
. 
. *******************************************************
. 
. 
. 
. * Selected graphs - Regions together, JOHN
. 
. 
. 
. *******************************************************
. * 1 daily deaths, regions, 2020 on
. 
. twoway ///
> (line DayDeaMeSmA00S00GLOBAL date, sort lcolor(black)) /// 
> (line DayDeaMeSmA00S00AFRO date, sort lcolor(brown)) /// 
> (line DayDeaMeSmA00S00AMRO date, sort lcolor(red)) ///
> (line DayDeaMeSmA00S00AMR1 date, sort lcolor(orange)) ///
> (line DayDeaMeSmA00S00AMR2 date, sort lcolor(purple)) ///
> (line DayDeaMeSmA00S00EMRO date, sort lcolor(gold)) ///
> (line DayDeaMeSmA00S00EURO date, sort lcolor(green)) ///
> (line DayDeaMeSmA00S00SEARO date, sort lcolor(cyan)) ///
> (line DayDeaMeSmA00S00WPRO date, sort lcolor(blue)) ///
> if date >= td(01jan2020) & date <= td(01mar2022) ///
> , xtitle(Date) xlabel(#27, format(%tdYY-NN-DD) labsize(small)) xlabel(, grid) xlabel(, grid) ///
> xlabel(, angle(forty_five)) ylabel(, format(%15.0fc) labsize(small))  ylabel(, labsize(small) angle(forty_five)) ///
> ytitle(Daily reported deaths) title("C-19 daily reported deaths, smooth, WHO regions, JOHN, 2020 on", size(medium)) ///
> xscale(lwidth(vthin) lcolor(gray*.2)) yscale(lwidth(vthin) lcolor(gray*.2)) legend(region(lcolor(none))) legend(bexpand) ///
> legend(order(1 "GLOBAL" 2 "AFRO" 3 "AMRO" 4 "AMRCANUSA" 5 ///
> "AMRwoCANUSA" 6 "EMRO" 7 "EURO" 8 "SEARO" 9 "WPRO") size(small) rows (3)) 
{res}{txt}
{com}. 
. qui graph save "01 regions C-19 daily deaths, JOHN 2020.gph", replace
{txt}
{com}. qui graph export "01 regions C-19 daily deaths, JOHN 2020.pdf", replace
{txt}
{com}. 
. 
. 
. 
. 
. 
. 
. *******************************************************
. * 2 daily deaths, regions, 2020 on
. 
. twoway ///
> (line DayDeaMeSmA00S00GLOBAL date, sort lcolor(black)) /// 
> (line DayDeaMeSmA00S00AFRO date, sort lcolor(brown)) /// 
> (line DayDeaMeSmA00S00AMRO date, sort lcolor(red)) ///
> (line DayDeaMeSmA00S00AMR1 date, sort lcolor(orange)) ///
> (line DayDeaMeSmA00S00AMR2 date, sort lcolor(purple)) ///
> (line DayDeaMeSmA00S00EMRO date, sort lcolor(gold)) ///
> (line DayDeaMeSmA00S00EURO date, sort lcolor(green)) ///
> (line DayDeaMeSmA00S00SEARO date, sort lcolor(cyan)) ///
> (line DayDeaMeSmA00S00WPRO date, sort lcolor(blue)) ///
> if date >= td(01jan2022) & date <= td(01mar2022) ///
> , xtitle(Date) xlabel(#3, format(%tdYY-NN-DD) labsize(small)) xlabel(, grid) xlabel(, grid) ///
> xlabel(, angle(forty_five)) ylabel(, format(%15.0fc) labsize(small))  ylabel(, labsize(small) angle(forty_five)) ///
> ytitle(Daily reported deaths) title("C-19 daily reported deaths, smooth, WHO regions, JOHN, 2022", size(medium)) ///
> xscale(lwidth(vthin) lcolor(gray*.2)) yscale(lwidth(vthin) lcolor(gray*.2)) legend(region(lcolor(none))) legend(bexpand) ///
> legend(order(1 "GLOBAL" 2 "AFRO" 3 "AMRO" 4 "AMRCANUSA" 5 ///
> "AMRwoCANUSA" 6 "EMRO" 7 "EURO" 8 "SEARO" 9 "WPRO") size(small) rows (3)) 
{res}{txt}
{com}. 
. qui graph save "02 regions C-19 daily deaths, JOHN 2022.gph", replace
{txt}
{com}. qui graph export "02 regions C-19 daily deaths, JOHN 2022.pdf", replace
{txt}
{com}. 
. 
. 
. 
. 
. *******************************************************
. * 3 daily cases, regions, 2020 on
. 
. twoway ///
> (line DayCasMeSmA00S00GLOBAL date, sort lcolor(black)) /// 
> (line DayCasMeSmA00S00AFRO date, sort lcolor(brown)) /// 
> (line DayCasMeSmA00S00AMRO date, sort lcolor(red)) ///
> (line DayCasMeSmA00S00AMR1 date, sort lcolor(orange)) ///
> (line DayCasMeSmA00S00AMR2 date, sort lcolor(purple)) ///
> (line DayCasMeSmA00S00EMRO date, sort lcolor(gold)) ///
> (line DayCasMeSmA00S00EURO date, sort lcolor(green)) ///
> (line DayCasMeSmA00S00SEARO date, sort lcolor(cyan)) ///
> (line DayCasMeSmA00S00WPRO date, sort lcolor(blue)) ///
> if date >= td(01jan2020) & date <= td(01mar2022) ///
> , xtitle(Date) xlabel(#27, format(%tdYY-NN-DD) labsize(small)) xlabel(, grid) xlabel(, grid) ///
> xlabel(, angle(forty_five)) ylabel(, format(%15.0fc) labsize(small))  ylabel(, labsize(small) angle(forty_five)) ///
> ytitle(Daily reported cases) title("C-19 daily reported cases, smooth, WHO regions, JOHN, 2020 on", size(medium)) ///
> xscale(lwidth(vthin) lcolor(gray*.2)) yscale(lwidth(vthin) lcolor(gray*.2)) legend(region(lcolor(none))) legend(bexpand) ///
> legend(order(1 "GLOBAL" 2 "AFRO" 3 "AMRO" 4 "AMRCANUSA" 5 ///
> "AMRwoCANUSA" 6 "EMRO" 7 "EURO" 8 "SEARO" 9 "WPRO") size(small) rows (3)) 
{res}{txt}
{com}. 
. qui graph save "03 regions C-19 daily cases, JOHN 2020.gph", replace
{txt}
{com}. qui graph export "03 regions C-19 daily cases, JOHN 2020.pdf", replace
{txt}
{com}. 
. 
. 
. 
. 
. 
. 
. *******************************************************
. * 4 daily cases, regions, 2020 on
. 
. twoway ///
> (line DayCasMeSmA00S00GLOBAL date, sort lcolor(black)) /// 
> (line DayCasMeSmA00S00AFRO date, sort lcolor(brown)) /// 
> (line DayCasMeSmA00S00AMRO date, sort lcolor(red)) ///
> (line DayCasMeSmA00S00AMR1 date, sort lcolor(orange)) ///
> (line DayCasMeSmA00S00AMR2 date, sort lcolor(purple)) ///
> (line DayCasMeSmA00S00EMRO date, sort lcolor(gold)) ///
> (line DayCasMeSmA00S00EURO date, sort lcolor(green)) ///
> (line DayCasMeSmA00S00SEARO date, sort lcolor(cyan)) ///
> (line DayCasMeSmA00S00WPRO date, sort lcolor(blue)) ///
> if date >= td(01jan2022) & date <= td(01mar2022) ///
> , xtitle(Date) xlabel(#3, format(%tdYY-NN-DD) labsize(small)) xlabel(, grid) xlabel(, grid) ///
> xlabel(, angle(forty_five)) ylabel(, format(%15.0fc) labsize(small))  ylabel(, labsize(small) angle(forty_five)) ///
> ytitle(Daily reported cases) title("C-19 daily reported cases, smooth, WHO regions, JOHN, 2022", size(medium)) ///
> xscale(lwidth(vthin) lcolor(gray*.2)) yscale(lwidth(vthin) lcolor(gray*.2)) legend(region(lcolor(none))) legend(bexpand) ///
> legend(order(1 "GLOBAL" 2 "AFRO" 3 "AMRO" 4 "AMRCANUSA" 5 ///
> "AMRwoCANUSA" 6 "EMRO" 7 "EURO" 8 "SEARO" 9 "WPRO") size(small) rows (3)) 
{res}{txt}
{com}. 
. qui graph save "04 regions C-19 daily cases, JOHN 2022.gph", replace
{txt}
{com}. qui graph export "04 regions C-19 daily cases, JOHN 2022.pdf", replace
{txt}
{com}. 
. 
. 
. 
. 
. 
. *******************************************************
. 
. 
. 
. * Selected graphs - Regions --- models
. 
. 
. 
. *******************************************************
. 
. 
. local list GLOBAL AFRO AMRO AMR1 AMR2 EMRO EURO SEARO WPRO
{txt}
{com}. 
. foreach region of local list {c -(}
{txt}  2{com}. 
. * 5 daily deaths, reference scenarios, 2020 on
. 
.         twoway ///
>         (line DayDeaMeSmA00S00`region' date, sort lcolor(cyan) lwidth(thick)) /// 1 "JOHN smooth"
>         (line DayDeaMeRaA01S00`region' date, sort lcolor(red)) /// 1 "DELP"
>         (line DayDeaMeSmA02S01`region' date, sort lcolor(black)) /// 3 "IHME"
>         if date >= td(01jan2020) ///
>         , xtitle(Date) xlabel(#$monthspast01jan2020merge, format(%tdYY-NN-DD) labsize(small)) xlabel(, grid)  ///
>         xlabel(, angle(forty_five)) ylabel(, format(%15.0fc) labsize(small))  ylabel(, labsize(small) angle(horizontal)) ///
>         ytitle(Daily deaths) title("C-19 daily deaths, `region', reference scenarios, 2020 on", size(medium)) /// 
>         xscale(lwidth(vthin) lcolor(gray*.2)) yscale(lwidth(vthin) lcolor(gray*.2)) legend(region(lcolor(none))) legend(bexpand) ///
>         legend(order(1 "JOHN" 2 "DELP" 3 "IHME") size(small) row(1))
{txt}  3{com}.         
.         qui graph save "05 `region' C-19 daily deaths, reference scenarios, 2020 on.gph", replace
{txt}  4{com}.         qui graph export "05 `region' C-19 daily deaths, reference scenarios, 2020 on.pdf", replace
{txt}  5{com}.         
.         
. * 6 daily cases or infections, reference scenarios, 2020 on
.         
.         twoway ///
>         (line DayCasMeSmA00S00`region' date, sort lcolor(cyan) lwidth(thick)) /// 1 "JOHN smooth"
>         (line DayCasMeRaA01S00`region' date, sort lcolor(red)) /// 1 "DELP"
>         (line DayINFMeSmA02S01`region' date, sort lcolor(black)) /// 3 "IHME"
>         if date >= td(01jan2020) ///
>         , xtitle(Date) xlabel(#$monthspast01jan2020merge, format(%tdYY-NN-DD) labsize(small)) xlabel(, grid)  ///
>         xlabel(, angle(forty_five)) ylabel(, format(%15.0fc) labsize(small))  ylabel(, labsize(small) angle(horizontal)) ///
>         ytitle(Daily cases or infections) title("C-19 daily cases or infections, `region', reference scenarios, 2020 on", size(medium)) /// 
>         xscale(lwidth(vthin) lcolor(gray*.2)) yscale(lwidth(vthin) lcolor(gray*.2)) legend(region(lcolor(none))) legend(bexpand) ///
>         legend(order(1 "JOHN cases" 2 "DELP cases" 3 "IHME infections") size(small) row(1))
{txt}  6{com}.         
.         qui graph save "06 `region' C-19 daily cases, reference scenarios, 2020 on.gph", replace
{txt}  7{com}.         qui graph export "06 `region' C-19 daily cases, reference scenarios, 2020 on.pdf", replace
{txt}  8{com}.         
. {c )-}       
{res}{txt}
{com}. *
. 
. 
. 
.         
. 
. 
.         
.         
. *******************************************************
. 
. 
. 
. * Selected graphs - Regions together IHME
. 
. 
. 
. ******************************************************* 
. * 7 Daily deaths, IHME, 2020 on
. 
. twoway ///
> (line DayDeaMeSmA02S01GLOBAL date, sort lcolor(black)) ///
> (line DayDeaMeSmA02S01AFRO date, sort lcolor(brown)) /// 
> (line DayDeaMeSmA02S01AMRO date, sort lcolor(red)) ///
> (line DayDeaMeSmA02S01AMR1 date, sort lcolor(orange)) ///
> (line DayDeaMeSmA02S01AMR2 date, sort lcolor(purple)) ///
> (line DayDeaMeSmA02S01EMRO date, sort lcolor(gold)) ///
> (line DayDeaMeSmA02S01EURO date, sort lcolor(green)) ///
> (line DayDeaMeSmA02S01SEARO date, sort lcolor(cyan)) ///
> (line DayDeaMeSmA02S01WPRO date, sort lcolor(blue) ) ///
> if date >= td(01jan2020) ///
> , xtitle(Date) xlabel(#$monthspast01jan2020merge, format(%tdYY-NN-DD) labsize(small)) xlabel(, grid) xlabel(, grid) ///
> xlabel(, angle(forty_five)) ylabel(, format(%15.0fc) labsize(small))  ylabel(, labsize(small) angle(forty_five)) ///
> ytitle(Daily deaths) title("C-19 daily deaths, WHO regions, IHME, 2020 on", size(medium)) ///
> xscale(lwidth(vthin) lcolor(gray*.2)) yscale(lwidth(vthin) lcolor(gray*.2)) legend(region(lcolor(none))) legend(bexpand) ///
> legend(order(1 "GLOBAL" 2 "AFRO" 3 "AMRO" 4 "AMRCANUSA" ///
> 5 "AMRwoCANUSA" 6 "EMRO" 7 "EURO" 8 "SEARO" 9 "WPRO") size(small) rows (3)) 
{res}{txt}
{com}. 
. qui graph save "07 regions C-19 daily deaths, IHME reference scenarios, 2020 on.gph", replace
{txt}
{com}. qui graph export "07 regions C-19 daily deaths, IHME reference scenarios, 2020 on.pdf", replace
{txt}
{com}.         
.         
.         
.         
. ******************************************************* 
. * 8 Daily deaths, IHME, 2020 on
. 
. twoway ///
> (line DayDeaMeSmA02S01GLOBAL date, sort lcolor(black)) ///
> (line DayDeaMeSmA02S01AFRO date, sort lcolor(brown)) /// 
> (line DayDeaMeSmA02S01AMRO date, sort lcolor(red)) ///
> (line DayDeaMeSmA02S01AMR1 date, sort lcolor(orange)) ///
> (line DayDeaMeSmA02S01AMR2 date, sort lcolor(purple)) ///
> (line DayDeaMeSmA02S01EMRO date, sort lcolor(gold)) ///
> (line DayDeaMeSmA02S01EURO date, sort lcolor(green)) ///
> (line DayDeaMeSmA02S01SEARO date, sort lcolor(cyan)) ///
> (line DayDeaMeSmA02S01WPRO date, sort lcolor(blue) ) ///
> if date >= td(01jan2022) ///
> , xtitle(Date) xlabel(#$monthspast01jan2022merge, format(%tdYY-NN-DD) labsize(small)) xlabel(, grid) xlabel(, grid) ///
> xlabel(, angle(forty_five)) ylabel(, format(%15.0fc) labsize(small))  ylabel(, labsize(small) angle(forty_five)) ///
> ytitle(Daily deaths) title("C-19 daily deaths, WHO regions, IHME, 2022", size(medium)) ///
> xscale(lwidth(vthin) lcolor(gray*.2)) yscale(lwidth(vthin) lcolor(gray*.2)) legend(region(lcolor(none))) legend(bexpand) ///
> legend(order(1 "GLOBAL" 2 "AFRO" 3 "AMRO" 4 "AMRCANUSA" ///
> 5 "AMRwoCANUSA" 6 "EMRO" 7 "EURO" 8 "SEARO" 9 "WPRO") size(small) rows (3)) 
{res}{txt}
{com}. 
. qui graph save "08 regions C-19 daily deaths, IHME reference scenarios, 2022.gph", replace
{txt}
{com}. qui graph export "08 regions C-19 daily deaths, IHME reference scenarios, 2022.pdf", replace
{txt}
{com}.         
.         
.         
.         
. 
. ******************************************************* 
. * 9 Daily infections, IHME, 2020 on
. 
. twoway ///
> (line DayINFMeSmA02S01GLOBAL date, sort lcolor(black)) ///
> (line DayINFMeSmA02S01AFRO date, sort lcolor(brown)) /// 
> (line DayINFMeSmA02S01AMRO date, sort lcolor(red)) ///
> (line DayINFMeSmA02S01AMR1 date, sort lcolor(orange)) ///
> (line DayINFMeSmA02S01AMR2 date, sort lcolor(purple)) ///
> (line DayINFMeSmA02S01EMRO date, sort lcolor(gold)) ///
> (line DayINFMeSmA02S01EURO date, sort lcolor(green)) ///
> (line DayINFMeSmA02S01SEARO date, sort lcolor(cyan)) ///
> (line DayINFMeSmA02S01WPRO date, sort lcolor(blue) ) ///
> if date >= td(01jan2020) ///
> , xtitle(Date) xlabel(#$monthspast01jan2020merge, format(%tdYY-NN-DD) labsize(small)) xlabel(, grid) xlabel(, grid) ///
> xlabel(, angle(forty_five)) ylabel(, format(%15.0fc) labsize(small))  ylabel(, labsize(small) angle(forty_five)) ///
> ytitle(Daily infections) title("C-19 daily infections, WHO regions, IHME, 2020 on", size(medium)) ///
> xscale(lwidth(vthin) lcolor(gray*.2)) yscale(lwidth(vthin) lcolor(gray*.2)) legend(region(lcolor(none))) legend(bexpand) ///
> legend(order(1 "GLOBAL" 2 "AFRO" 3 "AMRO" 4 "AMRCANUSA" ///
> 5 "AMRwoCANUSA" 6 "EMRO" 7 "EURO" 8 "SEARO" 9 "WPRO") size(small) rows (3)) 
{res}{txt}
{com}. 
. qui graph save "09 regions C-19 daily infections, IHME reference scenarios, 2020 on.gph", replace
{txt}
{com}. qui graph export "09 regions C-19 daily infections, IHME reference scenarios, 2020 on.pdf", replace
{txt}
{com}.         
.         
.         
.         
. ******************************************************* 
. * 10 Daily infections, IHME, 2020 on
. 
. twoway ///
> (line DayINFMeSmA02S01GLOBAL date, sort lcolor(black)) ///
> (line DayINFMeSmA02S01AFRO date, sort lcolor(brown)) /// 
> (line DayINFMeSmA02S01AMRO date, sort lcolor(red)) ///
> (line DayINFMeSmA02S01AMR1 date, sort lcolor(orange)) ///
> (line DayINFMeSmA02S01AMR2 date, sort lcolor(purple)) ///
> (line DayINFMeSmA02S01EMRO date, sort lcolor(gold)) ///
> (line DayINFMeSmA02S01EURO date, sort lcolor(green)) ///
> (line DayINFMeSmA02S01SEARO date, sort lcolor(cyan)) ///
> (line DayINFMeSmA02S01WPRO date, sort lcolor(blue) ) ///
> if date >= td(01jan2022) ///
> , xtitle(Date) xlabel(#$monthspast01jan2022merge, format(%tdYY-NN-DD) labsize(small)) xlabel(, grid) xlabel(, grid) ///
> xlabel(, angle(forty_five)) ylabel(, format(%15.0fc) labsize(small))  ylabel(, labsize(small) angle(forty_five)) ///
> ytitle(Daily infections) title("C-19 daily infections, WHO regions, IHME, 2022", size(medium)) ///
> xscale(lwidth(vthin) lcolor(gray*.2)) yscale(lwidth(vthin) lcolor(gray*.2)) legend(region(lcolor(none))) legend(bexpand) ///
> legend(order(1 "GLOBAL" 2 "AFRO" 3 "AMRO" 4 "AMRCANUSA" ///
> 5 "AMRwoCANUSA" 6 "EMRO" 7 "EURO" 8 "SEARO" 9 "WPRO") size(small) rows (3)) 
{res}{txt}
{com}. 
. qui graph save "10 regions C-19 daily infections, IHME reference scenarios, 2022.gph", replace
{txt}
{com}. qui graph export "10 regions C-19 daily infections, IHME reference scenarios, 2022.pdf", replace
{txt}
{com}.         
.                 
.         
.         
. 
. 
. 
. ************
. 
. * restore native scheme (of the local machine)
. 
. set scheme $nativescheme
{txt}
{com}. 
. di c(scheme)
{res}_GRSTYLE_
{txt}
{com}. 
. 
. view "log CovidVisualizedGlobal merge.smcl"
{txt}
{com}. 
. log close
      {txt}name:  {res}<unnamed>
       {txt}log:  {res}/Users/farshadpourmalek/Downloads/CovidVisualizedGlobal-main/20220204/code/merge/log CovidVisualizedGlobal merge.smcl
  {txt}log type:  {res}smcl
 {txt}closed on:  {res} 9 Feb 2022, 08:12:01
{txt}{.-}
{smcl}
{txt}{sf}{ul off}